
Memory Configuration

Name             Origin             Length             Attributes
Memory           0x0000000000000000 0x0000000004000000 xrw
*default*        0x0000000000000000 0xffffffffffffffff

Linker script and memory map

                0x0000000000010000                . = 0x10000

.startup        0x0000000000010000       0x10
 Startup.o(.text)
 .text          0x0000000000010000       0x10 Startup.o
                0x0000000000010000                reset

.text           0x0000000000010010       0x78
 *(.text)
 .text          0x0000000000010010       0x20 Application.o
                0x0000000000010010                Intery_Function
 .text          0x0000000000010030       0x58 UART.o
                0x0000000000010030                UART_0_Send_String

.glue_7         0x0000000000010088        0x0
 .glue_7        0x0000000000010088        0x0 linker stubs

.glue_7t        0x0000000000010088        0x0
 .glue_7t       0x0000000000010088        0x0 linker stubs

.vfp11_veneer   0x0000000000010088        0x0
 .vfp11_veneer  0x0000000000010088        0x0 linker stubs

.v4_bx          0x0000000000010088        0x0
 .v4_bx         0x0000000000010088        0x0 linker stubs

.iplt           0x0000000000010088        0x0
 .iplt          0x0000000000010088        0x0 Startup.o

.rel.dyn        0x0000000000010088        0x0
 .rel.iplt      0x0000000000010088        0x0 Startup.o

.data           0x0000000000010088        0xe
 *(.data)
 .data          0x0000000000010088        0x0 Startup.o
 .data          0x0000000000010088        0x0 Application.o
 .data          0x0000000000010088        0x0 UART.o
 *(.rodata)
 .rodata        0x0000000000010088        0xe Application.o

.igot.plt       0x0000000000010098        0x0
 .igot.plt      0x0000000000010098        0x0 Startup.o

.bss            0x0000000000010096        0x0
 *(.bss)
 .bss           0x0000000000010096        0x0 Startup.o
 .bss           0x0000000000010096        0x0 Application.o
 .bss           0x0000000000010096        0x0 UART.o
 *(COMMON)
                0x0000000000011096                . = (. + 0x1000)
                0x0000000000011096                Stack_Top = .
LOAD Application.o
LOAD Startup.o
LOAD UART.o
OUTPUT(Application.elf elf32-littlearm)
LOAD linker stubs

.ARM.attributes
                0x0000000000000000       0x2e
 .ARM.attributes
                0x0000000000000000       0x22 Startup.o
 .ARM.attributes
                0x0000000000000022       0x2c Application.o
 .ARM.attributes
                0x000000000000004e       0x2c UART.o

.comment        0x0000000000000000       0x33
 .comment       0x0000000000000000       0x33 Application.o
                                         0x34 (size before relaxing)
 .comment       0x0000000000000033       0x34 UART.o

.debug_info     0x0000000000000000       0x9c
 .debug_info    0x0000000000000000       0x43 Application.o
 .debug_info    0x0000000000000043       0x59 UART.o

.debug_abbrev   0x0000000000000000       0x8e
 .debug_abbrev  0x0000000000000000       0x39 Application.o
 .debug_abbrev  0x0000000000000039       0x55 UART.o

.debug_aranges  0x0000000000000000       0x40
 .debug_aranges
                0x0000000000000000       0x20 Application.o
 .debug_aranges
                0x0000000000000020       0x20 UART.o

.debug_line     0x0000000000000000       0x94
 .debug_line    0x0000000000000000       0x46 Application.o
 .debug_line    0x0000000000000046       0x4e UART.o

.debug_str      0x0000000000000000       0xd8
 .debug_str     0x0000000000000000       0xb0 Application.o
 .debug_str     0x00000000000000b0       0x28 UART.o
                                         0xc1 (size before relaxing)

.debug_frame    0x0000000000000000       0x5c
 .debug_frame   0x0000000000000000       0x2c Application.o
 .debug_frame   0x000000000000002c       0x30 UART.o
