Archive member included to satisfy reference by file (symbol)

/usr/lib/gcc/arm-none-eabi/10.3.1/thumb/v6-m/nofp/libgcc.a(_aeabi_uldivmod.o)
                              CMakeFiles/Test.dir/Source/MCAL/I2C/I2C_Program.c.obj (__aeabi_uldivmod)
/usr/lib/gcc/arm-none-eabi/10.3.1/thumb/v6-m/nofp/libgcc.a(_fixunssfsi.o)
                              CMakeFiles/Test.dir/Source/HAL/LCD/LCD_Program.c.obj (__aeabi_f2uiz)
/usr/lib/gcc/arm-none-eabi/10.3.1/thumb/v6-m/nofp/libgcc.a(_udivmoddi4.o)
                              /usr/lib/gcc/arm-none-eabi/10.3.1/thumb/v6-m/nofp/libgcc.a(_aeabi_uldivmod.o) (__udivmoddi4)
/usr/lib/gcc/arm-none-eabi/10.3.1/thumb/v6-m/nofp/libgcc.a(mulsf3.o)
                              CMakeFiles/Test.dir/Source/HAL/LCD/LCD_Program.c.obj (__aeabi_fmul)
/usr/lib/gcc/arm-none-eabi/10.3.1/thumb/v6-m/nofp/libgcc.a(subsf3.o)
                              CMakeFiles/Test.dir/Source/HAL/LCD/LCD_Program.c.obj (__aeabi_fsub)
/usr/lib/gcc/arm-none-eabi/10.3.1/thumb/v6-m/nofp/libgcc.a(fixsfsi.o)
                              /usr/lib/gcc/arm-none-eabi/10.3.1/thumb/v6-m/nofp/libgcc.a(_fixunssfsi.o) (__aeabi_f2iz)
/usr/lib/gcc/arm-none-eabi/10.3.1/thumb/v6-m/nofp/libgcc.a(floatsisf.o)
                              CMakeFiles/Test.dir/Source/HAL/LCD/LCD_Program.c.obj (__aeabi_i2f)
/usr/lib/gcc/arm-none-eabi/10.3.1/thumb/v6-m/nofp/libgcc.a(_dvmd_tls.o)
                              /usr/lib/gcc/arm-none-eabi/10.3.1/thumb/v6-m/nofp/libgcc.a(_aeabi_uldivmod.o) (__aeabi_ldiv0)
/usr/lib/gcc/arm-none-eabi/10.3.1/thumb/v6-m/nofp/libgcc.a(_arm_cmpsf2.o)
                              /usr/lib/gcc/arm-none-eabi/10.3.1/thumb/v6-m/nofp/libgcc.a(_fixunssfsi.o) (__aeabi_fcmpge)
/usr/lib/gcc/arm-none-eabi/10.3.1/thumb/v6-m/nofp/libgcc.a(_clzsi2.o)
                              /usr/lib/gcc/arm-none-eabi/10.3.1/thumb/v6-m/nofp/libgcc.a(mulsf3.o) (__clzsi2)
/usr/lib/gcc/arm-none-eabi/10.3.1/thumb/v6-m/nofp/libgcc.a(_clzdi2.o)
                              /usr/lib/gcc/arm-none-eabi/10.3.1/thumb/v6-m/nofp/libgcc.a(_udivmoddi4.o) (__clzdi2)
/usr/lib/gcc/arm-none-eabi/10.3.1/thumb/v6-m/nofp/libgcc.a(eqsf2.o)
                              /usr/lib/gcc/arm-none-eabi/10.3.1/thumb/v6-m/nofp/libgcc.a(_arm_cmpsf2.o) (__eqsf2)
/usr/lib/gcc/arm-none-eabi/10.3.1/thumb/v6-m/nofp/libgcc.a(gesf2.o)
                              /usr/lib/gcc/arm-none-eabi/10.3.1/thumb/v6-m/nofp/libgcc.a(_arm_cmpsf2.o) (__gesf2)
/usr/lib/gcc/arm-none-eabi/10.3.1/thumb/v6-m/nofp/libgcc.a(lesf2.o)
                              /usr/lib/gcc/arm-none-eabi/10.3.1/thumb/v6-m/nofp/libgcc.a(_arm_cmpsf2.o) (__lesf2)
/usr/lib/gcc/arm-none-eabi/10.3.1/../../../arm-none-eabi/lib/thumb/v6-m/nofp/libg_nano.a(lib_a-atexit.o)
                              /usr/lib/gcc/arm-none-eabi/10.3.1/../../../arm-none-eabi/lib/thumb/v6-m/nofp/crt0.o (atexit)
/usr/lib/gcc/arm-none-eabi/10.3.1/../../../arm-none-eabi/lib/thumb/v6-m/nofp/libg_nano.a(lib_a-exit.o)
                              /usr/lib/gcc/arm-none-eabi/10.3.1/../../../arm-none-eabi/lib/thumb/v6-m/nofp/crt0.o (exit)
/usr/lib/gcc/arm-none-eabi/10.3.1/../../../arm-none-eabi/lib/thumb/v6-m/nofp/libg_nano.a(lib_a-fini.o)
                              /usr/lib/gcc/arm-none-eabi/10.3.1/../../../arm-none-eabi/lib/thumb/v6-m/nofp/crt0.o (__libc_fini_array)
/usr/lib/gcc/arm-none-eabi/10.3.1/../../../arm-none-eabi/lib/thumb/v6-m/nofp/libg_nano.a(lib_a-impure.o)
                              /usr/lib/gcc/arm-none-eabi/10.3.1/../../../arm-none-eabi/lib/thumb/v6-m/nofp/libg_nano.a(lib_a-exit.o) (_global_impure_ptr)
/usr/lib/gcc/arm-none-eabi/10.3.1/../../../arm-none-eabi/lib/thumb/v6-m/nofp/libg_nano.a(lib_a-init.o)
                              /usr/lib/gcc/arm-none-eabi/10.3.1/../../../arm-none-eabi/lib/thumb/v6-m/nofp/crt0.o (__libc_init_array)
/usr/lib/gcc/arm-none-eabi/10.3.1/../../../arm-none-eabi/lib/thumb/v6-m/nofp/libg_nano.a(lib_a-memset.o)
                              /usr/lib/gcc/arm-none-eabi/10.3.1/../../../arm-none-eabi/lib/thumb/v6-m/nofp/crt0.o (memset)
/usr/lib/gcc/arm-none-eabi/10.3.1/../../../arm-none-eabi/lib/thumb/v6-m/nofp/libg_nano.a(lib_a-__atexit.o)
                              /usr/lib/gcc/arm-none-eabi/10.3.1/../../../arm-none-eabi/lib/thumb/v6-m/nofp/libg_nano.a(lib_a-atexit.o) (__register_exitproc)
/usr/lib/gcc/arm-none-eabi/10.3.1/../../../arm-none-eabi/lib/thumb/v6-m/nofp/libg_nano.a(lib_a-__call_atexit.o)
                              /usr/lib/gcc/arm-none-eabi/10.3.1/../../../arm-none-eabi/lib/thumb/v6-m/nofp/libg_nano.a(lib_a-__atexit.o) (__call_exitprocs)
/usr/lib/gcc/arm-none-eabi/10.3.1/../../../arm-none-eabi/lib/thumb/v6-m/nofp/libnosys.a(_exit.o)
                              /usr/lib/gcc/arm-none-eabi/10.3.1/../../../arm-none-eabi/lib/thumb/v6-m/nofp/libg_nano.a(lib_a-exit.o) (_exit)

Discarded input sections

 .text          0x0000000000000000        0x0 /usr/lib/gcc/arm-none-eabi/10.3.1/thumb/v6-m/nofp/crtfastmath.o
[...]
Memory Configuration

Name             Origin             Length             Attributes
FLASH            0x0000000008000000 0x0000000000010000 xr
RAM              0x0000000020000000 0x0000000000005000 xrw
*default*        0x0000000000000000 0xffffffffffffffff

Linker script and memory map

LOAD /usr/lib/gcc/arm-none-eabi/10.3.1/thumb/v6-m/nofp/crtfastmath.o
LOAD /usr/lib/gcc/arm-none-eabi/10.3.1/thumb/v6-m/nofp/crti.o
LOAD /usr/lib/gcc/arm-none-eabi/10.3.1/thumb/v6-m/nofp/crtbegin.o
LOAD /usr/lib/gcc/arm-none-eabi/10.3.1/../../../arm-none-eabi/lib/thumb/v6-m/nofp/crt0.o
LOAD CMakeFiles/Test.dir/Source/Application/Application.c.obj
LOAD CMakeFiles/Test.dir/Source/HAL/EEPROM/EEPROM_Program.c.obj
LOAD CMakeFiles/Test.dir/Source/HAL/Keypad/Keypad_Program.c.obj
LOAD CMakeFiles/Test.dir/Source/HAL/LCD/LCD_Program.c.obj
LOAD CMakeFiles/Test.dir/Source/HAL/Seven_Segment/Seven_Segment_Program.c.obj
LOAD CMakeFiles/Test.dir/Source/Library/Bootloader/Bootloader_Program.c.obj
LOAD CMakeFiles/Test.dir/Source/Library/Cortex_M3/Startup.s.obj
LOAD CMakeFiles/Test.dir/Source/Library/Cortex_M3/System_Init.c.obj
LOAD CMakeFiles/Test.dir/Source/Library/RTOS/Queue/Queue.c.obj
LOAD CMakeFiles/Test.dir/Source/Library/RTOS/RTOS.c.obj
LOAD CMakeFiles/Test.dir/Source/Library/RTOS/RTOS_Porting.c.obj
LOAD CMakeFiles/Test.dir/Source/Library/RTOS/RTOS_Scheduler.c.obj
LOAD CMakeFiles/Test.dir/Source/MCAL/CRC/CRC.c.obj
LOAD CMakeFiles/Test.dir/Source/MCAL/EXTI/EXTI_Program.c.obj
LOAD CMakeFiles/Test.dir/Source/MCAL/FLASH/FLASH.c.obj
LOAD CMakeFiles/Test.dir/Source/MCAL/GPIO/GPIO_Program.c.obj
LOAD CMakeFiles/Test.dir/Source/MCAL/I2C/I2C_Program.c.obj
LOAD CMakeFiles/Test.dir/Source/MCAL/NVIC/NVIC_Program.c.obj
LOAD CMakeFiles/Test.dir/Source/MCAL/RCC/RCC_Program.c.obj
LOAD CMakeFiles/Test.dir/Source/MCAL/SPI/SPI_Program.c.obj
LOAD CMakeFiles/Test.dir/Source/MCAL/USART/USART_Program.c.obj
START GROUP
LOAD /usr/lib/gcc/arm-none-eabi/10.3.1/thumb/v6-m/nofp/libgcc.a
LOAD /usr/lib/gcc/arm-none-eabi/10.3.1/../../../arm-none-eabi/lib/thumb/v6-m/nofp/libg_nano.a
LOAD /usr/lib/gcc/arm-none-eabi/10.3.1/../../../arm-none-eabi/lib/thumb/v6-m/nofp/libc_nano.a
END GROUP
START GROUP
LOAD /usr/lib/gcc/arm-none-eabi/10.3.1/thumb/v6-m/nofp/libgcc.a
LOAD /usr/lib/gcc/arm-none-eabi/10.3.1/../../../arm-none-eabi/lib/thumb/v6-m/nofp/libc_nano.a
LOAD /usr/lib/gcc/arm-none-eabi/10.3.1/../../../arm-none-eabi/lib/thumb/v6-m/nofp/libnosys.a
END GROUP
START GROUP
LOAD /usr/lib/gcc/arm-none-eabi/10.3.1/thumb/v6-m/nofp/libgcc.a
LOAD /usr/lib/gcc/arm-none-eabi/10.3.1/../../../arm-none-eabi/lib/thumb/v6-m/nofp/libc_nano.a
LOAD /usr/lib/gcc/arm-none-eabi/10.3.1/../../../arm-none-eabi/lib/thumb/v6-m/nofp/libnosys.a
END GROUP
LOAD /usr/lib/gcc/arm-none-eabi/10.3.1/thumb/v6-m/nofp/crtend.o
LOAD /usr/lib/gcc/arm-none-eabi/10.3.1/thumb/v6-m/nofp/crtn.o
                0x0000000020005000                _estack = 0x20005000
                0x0000000020005000                Top_Of_Stack = _estack
                0x0000000020000040                __end_sp = 0x20000040
                0x0000000000000000                _Min_Heap_Size = 0x0
                0x0000000000000000                _Min_Stack_Size = 0x0

.isr_vector     0x0000000008000000      0x10c
                0x0000000008000000                . = ALIGN (0x4)
 *(.isr_vector)
 .isr_vector    0x0000000008000000      0x10c CMakeFiles/Test.dir/Source/Library/Cortex_M3/Startup.s.obj
                0x0000000008000000                g_pfnVectors
                0x000000000800010c                . = ALIGN (0x4)

.text           0x000000000800010c      0xc48
                0x000000000800010c                . = ALIGN (0x4)
 *(.text)
 .text          0x000000000800010c       0x98 /usr/lib/gcc/arm-none-eabi/10.3.1/thumb/v6-m/nofp/crtbegin.o
 .text          0x00000000080001a4       0x44 /usr/lib/gcc/arm-none-eabi/10.3.1/../../../arm-none-eabi/lib/thumb/v6-m/nofp/libg_nano.a(lib_a-init.o)
                0x00000000080001a4                __libc_init_array
 *(.text*)
 .text.Test_Blue
                0x00000000080001e8       0x70 CMakeFiles/Test.dir/Source/Application/Application.c.obj
                0x00000000080001e8                Test_Blue
 .text.System_Initialization
                0x0000000008000258       0x70 CMakeFiles/Test.dir/Source/Application/Application.c.obj
                0x0000000008000258                System_Initialization
 .text.main     0x00000000080002c8       0x14 CMakeFiles/Test.dir/Source/Application/Application.c.obj
                0x00000000080002c8                main
 .text.Reset_Handler
                0x00000000080002dc       0x48 CMakeFiles/Test.dir/Source/Library/Cortex_M3/Startup.s.obj
                0x00000000080002dc                Reset_Handler
 .text.Default_Handler
                0x0000000008000324        0x2 CMakeFiles/Test.dir/Source/Library/Cortex_M3/Startup.s.obj
                0x0000000008000324                RTC_Alarm_IRQHandler
                0x0000000008000324                DebugMon_Handler
                0x0000000008000324                TIM1_CC_IRQHandler
                0x0000000008000324                PVD_IRQHandler
                0x0000000008000324                I2C2_EV_IRQHandler
                0x0000000008000324                ADC1_2_IRQHandler
                0x0000000008000324                TAMPER_IRQHandler
                0x0000000008000324                DMA1_Channel4_IRQHandler
                0x0000000008000324                RTC_IRQHandler
                0x0000000008000324                DMA1_Channel7_IRQHandler
                0x0000000008000324                CAN1_RX1_IRQHandler
                0x0000000008000324                TIM4_IRQHandler
                0x0000000008000324                I2C1_EV_IRQHandler
                0x0000000008000324                DMA1_Channel6_IRQHandler
                0x0000000008000324                TIM3_IRQHandler
                0x0000000008000324                RCC_IRQHandler
                0x0000000008000324                TIM1_TRG_COM_IRQHandler
                0x0000000008000324                DMA1_Channel1_IRQHandler
                0x0000000008000324                Default_Handler
                0x0000000008000324                DMA1_Channel5_IRQHandler
                0x0000000008000324                USB_LP_CAN1_RX0_IRQHandler
                0x0000000008000324                USB_HP_CAN1_TX_IRQHandler
                0x0000000008000324                DMA1_Channel3_IRQHandler
                0x0000000008000324                TIM1_UP_IRQHandler
                0x0000000008000324                WWDG_IRQHandler
                0x0000000008000324                TIM2_IRQHandler
                0x0000000008000324                TIM1_BRK_IRQHandler
                0x0000000008000324                I2C2_ER_IRQHandler
                0x0000000008000324                DMA1_Channel2_IRQHandler
                0x0000000008000324                CAN1_SCE_IRQHandler
                0x0000000008000324                FLASH_IRQHandler
                0x0000000008000324                USART1_IRQHandler
                0x0000000008000324                I2C1_ER_IRQHandler
                0x0000000008000324                USBWakeUp_IRQHandler
 *fill*         0x0000000008000326        0x2 
 .text.SystemInit
                0x0000000008000328       0x4c CMakeFiles/Test.dir/Source/Library/Cortex_M3/System_Init.c.obj
                0x0000000008000328                SystemInit
 .text.Queue_Enqueue
                0x0000000008000374       0x34 CMakeFiles/Test.dir/Source/Library/RTOS/Queue/Queue.c.obj
                0x0000000008000374                Queue_Enqueue
 .text.Queue_Dequeue
                0x00000000080003a8       0x36 CMakeFiles/Test.dir/Source/Library/RTOS/Queue/Queue.c.obj
                0x00000000080003a8                Queue_Dequeue
 .text.NMI_Handler
                0x00000000080003de        0x2 CMakeFiles/Test.dir/Source/Library/RTOS/RTOS_Porting.c.obj
                0x00000000080003de                NMI_Handler
 .text.HardFault_Handler
                0x00000000080003e0        0x2 CMakeFiles/Test.dir/Source/Library/RTOS/RTOS_Porting.c.obj
                0x00000000080003e0                HardFault_Handler
 .text.MemManage_Handler
                0x00000000080003e2        0x2 CMakeFiles/Test.dir/Source/Library/RTOS/RTOS_Porting.c.obj
                0x00000000080003e2                MemManage_Handler
 .text.BusFault_Handler
                0x00000000080003e4        0x2 CMakeFiles/Test.dir/Source/Library/RTOS/RTOS_Porting.c.obj
                0x00000000080003e4                BusFault_Handler
 .text.UsageFault_Handler
                0x00000000080003e6        0x2 CMakeFiles/Test.dir/Source/Library/RTOS/RTOS_Porting.c.obj
                0x00000000080003e6                UsageFault_Handler
 .text.SVC_Handler
                0x00000000080003e8       0x12 CMakeFiles/Test.dir/Source/Library/RTOS/RTOS_Porting.c.obj
                0x00000000080003e8                SVC_Handler
 *fill*         0x00000000080003fa        0x2 
 .text.RTOS_Bubble_Sort
                0x00000000080003fc      0x108 CMakeFiles/Test.dir/Source/Library/RTOS/RTOS_Scheduler.c.obj
 .text.RTOS_Select_Next_Task
                0x0000000008000504       0x94 CMakeFiles/Test.dir/Source/Library/RTOS/RTOS_Scheduler.c.obj
 .text.RTOS_Update_Scheduler_Table
                0x0000000008000598       0x78 CMakeFiles/Test.dir/Source/Library/RTOS/RTOS_Scheduler.c.obj
                0x0000000008000598                RTOS_Update_Scheduler_Table
 .text.SVC_Number
                0x0000000008000610       0x50 CMakeFiles/Test.dir/Source/Library/RTOS/RTOS_Scheduler.c.obj
                0x0000000008000610                SVC_Number
 .text.RTOS_Service
                0x0000000008000660       0x18 CMakeFiles/Test.dir/Source/Library/RTOS/RTOS_Scheduler.c.obj
                0x0000000008000660                RTOS_Service
 .text.RTOS_Update_Waiting_Time
                0x0000000008000678       0x6c CMakeFiles/Test.dir/Source/Library/RTOS/RTOS_Scheduler.c.obj
 .text.SysTick_Handler
                0x00000000080006e4       0x40 CMakeFiles/Test.dir/Source/Library/RTOS/RTOS_Scheduler.c.obj
                0x00000000080006e4                SysTick_Handler
 .text.PendSV_Handler
                0x0000000008000724      0x114 CMakeFiles/Test.dir/Source/Library/RTOS/RTOS_Scheduler.c.obj
                0x0000000008000724                PendSV_Handler
 .text.EXTI0_IRQHandler
                0x0000000008000838       0x1c CMakeFiles/Test.dir/Source/MCAL/EXTI/EXTI_Program.c.obj
                0x0000000008000838                EXTI0_IRQHandler
 .text.EXTI1_IRQHandler
                0x0000000008000854       0x1c CMakeFiles/Test.dir/Source/MCAL/EXTI/EXTI_Program.c.obj
                0x0000000008000854                EXTI1_IRQHandler
 .text.EXTI2_IRQHandler
                0x0000000008000870       0x1c CMakeFiles/Test.dir/Source/MCAL/EXTI/EXTI_Program.c.obj
                0x0000000008000870                EXTI2_IRQHandler
 .text.EXTI3_IRQHandler
                0x000000000800088c       0x1c CMakeFiles/Test.dir/Source/MCAL/EXTI/EXTI_Program.c.obj
                0x000000000800088c                EXTI3_IRQHandler
 .text.EXTI4_IRQHandler
                0x00000000080008a8       0x1c CMakeFiles/Test.dir/Source/MCAL/EXTI/EXTI_Program.c.obj
                0x00000000080008a8                EXTI4_IRQHandler
 .text.EXTI9_5_IRQHandler
                0x00000000080008c4       0x90 CMakeFiles/Test.dir/Source/MCAL/EXTI/EXTI_Program.c.obj
                0x00000000080008c4                EXTI9_5_IRQHandler
 .text.EXTI15_10_IRQHandler
                0x0000000008000954       0x90 CMakeFiles/Test.dir/Source/MCAL/EXTI/EXTI_Program.c.obj
                0x0000000008000954                EXTI15_10_IRQHandler
 .text.MCAL_GPIO_Initialize
                0x00000000080009e4       0xd0 CMakeFiles/Test.dir/Source/MCAL/GPIO/GPIO_Program.c.obj
                0x00000000080009e4                MCAL_GPIO_Initialize
 .text.MCAL_GPIO_Write_Pin
                0x0000000008000ab4       0x48 CMakeFiles/Test.dir/Source/MCAL/GPIO/GPIO_Program.c.obj
                0x0000000008000ab4                MCAL_GPIO_Write_Pin
 .text.RCC_Clock
                0x0000000008000afc       0x98 CMakeFiles/Test.dir/Source/MCAL/RCC/RCC_Program.c.obj
                0x0000000008000afc                RCC_Clock
 .text.SPI1_IRQHandler
                0x0000000008000b94       0x10 CMakeFiles/Test.dir/Source/MCAL/SPI/SPI_Program.c.obj
                0x0000000008000b94                SPI1_IRQHandler
 .text.SPI2_IRQHandler
                0x0000000008000ba4       0x10 CMakeFiles/Test.dir/Source/MCAL/SPI/SPI_Program.c.obj
                0x0000000008000ba4                SPI2_IRQHandler
 .text.USART2_IRQHandler
                0x0000000008000bb4       0xc4 CMakeFiles/Test.dir/Source/MCAL/USART/USART_Program.c.obj
                0x0000000008000bb4                USART2_IRQHandler
 .text.USART3_IRQHandler
                0x0000000008000c78       0xc4 CMakeFiles/Test.dir/Source/MCAL/USART/USART_Program.c.obj
                0x0000000008000c78                USART3_IRQHandler
 *(.glue_7)
 .glue_7        0x0000000008000d3c        0x0 linker stubs
 *(.glue_7t)
 .glue_7t       0x0000000008000d3c        0x0 linker stubs
 *(.eh_frame)
 .eh_frame      0x0000000008000d3c        0x0 /usr/lib/gcc/arm-none-eabi/10.3.1/thumb/v6-m/nofp/crtbegin.o
 *(.init)
 .init          0x0000000008000d3c        0x4 /usr/lib/gcc/arm-none-eabi/10.3.1/thumb/v6-m/nofp/crti.o
                0x0000000008000d3c                _init
 .init          0x0000000008000d40        0x8 /usr/lib/gcc/arm-none-eabi/10.3.1/thumb/v6-m/nofp/crtn.o
 *(.fini)
 .fini          0x0000000008000d48        0x4 /usr/lib/gcc/arm-none-eabi/10.3.1/thumb/v6-m/nofp/crti.o
                0x0000000008000d48                _fini
 .fini          0x0000000008000d4c        0x8 /usr/lib/gcc/arm-none-eabi/10.3.1/thumb/v6-m/nofp/crtn.o
                0x0000000008000d54                . = ALIGN (0x4)
                0x0000000008000d54                _etext = .

.vfp11_veneer   0x0000000008000d54        0x0
 .vfp11_veneer  0x0000000008000d54        0x0 linker stubs

.v4_bx          0x0000000008000d54        0x0
 .v4_bx         0x0000000008000d54        0x0 linker stubs

.iplt           0x0000000008000d54        0x0
 .iplt          0x0000000008000d54        0x0 /usr/lib/gcc/arm-none-eabi/10.3.1/thumb/v6-m/nofp/crtbegin.o

.rodata         0x0000000008000d54        0x4
                0x0000000008000d54                . = ALIGN (0x4)
 *(.rodata)
 .rodata        0x0000000008000d54        0x3 CMakeFiles/Test.dir/Source/Application/Application.c.obj
 *(.rodata*)
                0x0000000008000d58                . = ALIGN (0x4)
 *fill*         0x0000000008000d57        0x1 

.rel.dyn        0x0000000008000d58        0x0
 .rel.iplt      0x0000000008000d58        0x0 /usr/lib/gcc/arm-none-eabi/10.3.1/thumb/v6-m/nofp/crtbegin.o

.ARM.extab
 *(.ARM.extab* .gnu.linkonce.armextab.*)

.ARM            0x0000000008000d58        0x0
                0x0000000008000d58                __exidx_start = .
 *(.ARM.exidx*)
                0x0000000008000d58                __exidx_end = .

.preinit_array  0x0000000008000d58        0x0
                0x0000000008000d58                PROVIDE (__preinit_array_start = .)
 *(.preinit_array*)
                0x0000000008000d58                PROVIDE (__preinit_array_end = .)

.init_array     0x0000000008000d58        0x4
                0x0000000008000d58                PROVIDE (__init_array_start = .)
 *(SORT_BY_NAME(.init_array.*))
 *(.init_array*)
 .init_array    0x0000000008000d58        0x4 /usr/lib/gcc/arm-none-eabi/10.3.1/thumb/v6-m/nofp/crtbegin.o
                0x0000000008000d5c                PROVIDE (__init_array_end = .)

.fini_array     0x0000000008000d5c        0x4
                0x0000000008000d5c                PROVIDE (__fini_array_start = .)
 *(SORT_BY_NAME(.fini_array.*))
 *(.fini_array*)
 .fini_array    0x0000000008000d5c        0x4 /usr/lib/gcc/arm-none-eabi/10.3.1/thumb/v6-m/nofp/crtbegin.o
                0x0000000008000d60                PROVIDE (__fini_array_end = .)
                0x0000000008000d60                _sidata = LOADADDR (.data)

.data           0x0000000020000000        0x0 load address 0x0000000008000d60
                0x0000000020000000                . = ALIGN (0x4)
                0x0000000020000000                _sdata = .
 *(.data)
 *(.data*)
                0x0000000020000000                . = ALIGN (0x4)
                0x0000000020000000                _edata = .

.tm_clone_table
                0x0000000020000000        0x0 load address 0x0000000008000d60
 .tm_clone_table
                0x0000000020000000        0x0 /usr/lib/gcc/arm-none-eabi/10.3.1/thumb/v6-m/nofp/crtbegin.o
 .tm_clone_table
                0x0000000020000000        0x0 /usr/lib/gcc/arm-none-eabi/10.3.1/thumb/v6-m/nofp/crtend.o

.igot.plt       0x0000000020000000        0x0 load address 0x0000000008000d60
 .igot.plt      0x0000000020000000        0x0 /usr/lib/gcc/arm-none-eabi/10.3.1/thumb/v6-m/nofp/crtbegin.o
                0x0000000020000000                . = ALIGN (0x4)

.bss            0x0000000020000000      0x200 load address 0x0000000008000d60
                0x0000000020000000                _sbss = .
                0x0000000020000000                __bss_start__ = _sbss
 *(.bss)
 .bss           0x0000000020000000       0x1c /usr/lib/gcc/arm-none-eabi/10.3.1/thumb/v6-m/nofp/crtbegin.o
 *(.bss*)
 .bss.RTOS_Control
                0x000000002000001c      0x168 CMakeFiles/Test.dir/Source/Library/RTOS/RTOS.c.obj
                0x000000002000001c                RTOS_Control
 .bss.Ready_Queue
                0x0000000020000184       0x23 CMakeFiles/Test.dir/Source/Library/RTOS/RTOS.c.obj
                0x0000000020000184                Ready_Queue
 *fill*         0x00000000200001a7        0x1 
 .bss.Hook_Function_Call_Back
                0x00000000200001a8        0x4 CMakeFiles/Test.dir/Source/Library/RTOS/RTOS_Scheduler.c.obj
 .bss.EXTI_IRQ_Call_Back_Function
                0x00000000200001ac       0x3c CMakeFiles/Test.dir/Source/MCAL/EXTI/EXTI_Program.c.obj
 .bss.SPI_IRQ_Call_Back_Function
                0x00000000200001e8        0xc CMakeFiles/Test.dir/Source/MCAL/SPI/SPI_Program.c.obj
 .bss.USART_IRQ_Call_Back_Function
                0x00000000200001f4        0xc CMakeFiles/Test.dir/Source/MCAL/USART/USART_Program.c.obj
 *(COMMON)
                0x0000000020000200                . = ALIGN (0x4)
                0x0000000020000200                _ebss = .
                0x0000000020000200                __bss_end__ = _ebss

._user_heap_stack
                0x0000000020000200        0x0 load address 0x0000000008000d60
                0x0000000020000200                . = ALIGN (0x4)
                [!provide]                        PROVIDE (end = .)
                [!provide]                        PROVIDE (_end = .)
                0x0000000020000200                . = (. + _Min_Heap_Size)
                0x0000000020000200                . = (. + _Min_Stack_Size)
                0x0000000020000200                . = ALIGN (0x4)

/DISCARD/
 libc.a(*)
 libm.a(*)
 libgcc.a(*)

.ARM.attributes
                0x0000000000000000       0x2b
 *(.ARM.attributes)
 .ARM.attributes
                0x0000000000000000       0x1e /usr/lib/gcc/arm-none-eabi/10.3.1/thumb/v6-m/nofp/crti.o
 .ARM.attributes
                0x000000000000001e       0x2c /usr/lib/gcc/arm-none-eabi/10.3.1/thumb/v6-m/nofp/crtbegin.o
 .ARM.attributes
                0x000000000000004a       0x29 CMakeFiles/Test.dir/Source/Application/Application.c.obj
 .ARM.attributes
                0x0000000000000073       0x21 CMakeFiles/Test.dir/Source/Library/Cortex_M3/Startup.s.obj
 .ARM.attributes
                0x0000000000000094       0x29 CMakeFiles/Test.dir/Source/Library/Cortex_M3/System_Init.c.obj
 .ARM.attributes
                0x00000000000000bd       0x29 CMakeFiles/Test.dir/Source/Library/RTOS/Queue/Queue.c.obj
 .ARM.attributes
                0x00000000000000e6       0x29 CMakeFiles/Test.dir/Source/Library/RTOS/RTOS.c.obj
 .ARM.attributes
                0x000000000000010f       0x29 CMakeFiles/Test.dir/Source/Library/RTOS/RTOS_Porting.c.obj
 .ARM.attributes
                0x0000000000000138       0x29 CMakeFiles/Test.dir/Source/Library/RTOS/RTOS_Scheduler.c.obj
 .ARM.attributes
                0x0000000000000161       0x29 CMakeFiles/Test.dir/Source/MCAL/EXTI/EXTI_Program.c.obj
 .ARM.attributes
                0x000000000000018a       0x29 CMakeFiles/Test.dir/Source/MCAL/GPIO/GPIO_Program.c.obj
 .ARM.attributes
                0x00000000000001b3       0x29 CMakeFiles/Test.dir/Source/MCAL/RCC/RCC_Program.c.obj
 .ARM.attributes
                0x00000000000001dc       0x29 CMakeFiles/Test.dir/Source/MCAL/SPI/SPI_Program.c.obj
 .ARM.attributes
                0x0000000000000205       0x29 CMakeFiles/Test.dir/Source/MCAL/USART/USART_Program.c.obj
 .ARM.attributes
                0x000000000000022e       0x2c /usr/lib/gcc/arm-none-eabi/10.3.1/../../../arm-none-eabi/lib/thumb/v6-m/nofp/libg_nano.a(lib_a-init.o)
 .ARM.attributes
                0x000000000000025a       0x2c /usr/lib/gcc/arm-none-eabi/10.3.1/thumb/v6-m/nofp/crtend.o
 .ARM.attributes
                0x0000000000000286       0x1e /usr/lib/gcc/arm-none-eabi/10.3.1/thumb/v6-m/nofp/crtn.o
OUTPUT(Test elf32-littlearm)
LOAD linker stubs
LOAD /usr/lib/gcc/arm-none-eabi/10.3.1/../../../arm-none-eabi/lib/thumb/v6-m/nofp/libc.a
LOAD /usr/lib/gcc/arm-none-eabi/10.3.1/../../../arm-none-eabi/lib/thumb/v6-m/nofp/libm.a
LOAD /usr/lib/gcc/arm-none-eabi/10.3.1/thumb/v6-m/nofp/libgcc.a

.comment        0x0000000000000000       0x33
 .comment       0x0000000000000000       0x33 /usr/lib/gcc/arm-none-eabi/10.3.1/thumb/v6-m/nofp/crtbegin.o
                                         0x34 (size before relaxing)
 .comment       0x0000000000000033       0x34 CMakeFiles/Test.dir/Source/Application/Application.c.obj
 .comment       0x0000000000000033       0x34 CMakeFiles/Test.dir/Source/Library/Cortex_M3/System_Init.c.obj
 .comment       0x0000000000000033       0x34 CMakeFiles/Test.dir/Source/Library/RTOS/Queue/Queue.c.obj
 .comment       0x0000000000000033       0x34 CMakeFiles/Test.dir/Source/Library/RTOS/RTOS.c.obj
 .comment       0x0000000000000033       0x34 CMakeFiles/Test.dir/Source/Library/RTOS/RTOS_Porting.c.obj
 .comment       0x0000000000000033       0x34 CMakeFiles/Test.dir/Source/Library/RTOS/RTOS_Scheduler.c.obj
 .comment       0x0000000000000033       0x34 CMakeFiles/Test.dir/Source/MCAL/EXTI/EXTI_Program.c.obj
 .comment       0x0000000000000033       0x34 CMakeFiles/Test.dir/Source/MCAL/GPIO/GPIO_Program.c.obj
 .comment       0x0000000000000033       0x34 CMakeFiles/Test.dir/Source/MCAL/RCC/RCC_Program.c.obj
 .comment       0x0000000000000033       0x34 CMakeFiles/Test.dir/Source/MCAL/SPI/SPI_Program.c.obj
 .comment       0x0000000000000033       0x34 CMakeFiles/Test.dir/Source/MCAL/USART/USART_Program.c.obj
 .comment       0x0000000000000033       0x34 /usr/lib/gcc/arm-none-eabi/10.3.1/../../../arm-none-eabi/lib/thumb/v6-m/nofp/libg_nano.a(lib_a-init.o)
 .comment       0x0000000000000033       0x34 /usr/lib/gcc/arm-none-eabi/10.3.1/thumb/v6-m/nofp/crtend.o

.debug_info     0x0000000000000000     0x5bc7
 .debug_info    0x0000000000000000      0x56a CMakeFiles/Test.dir/Source/Application/Application.c.obj
 .debug_info    0x000000000000056a       0x22 CMakeFiles/Test.dir/Source/Library/Cortex_M3/Startup.s.obj
 .debug_info    0x000000000000058c      0x3e8 CMakeFiles/Test.dir/Source/Library/Cortex_M3/System_Init.c.obj
 .debug_info    0x0000000000000974      0x48d CMakeFiles/Test.dir/Source/Library/RTOS/Queue/Queue.c.obj
 .debug_info    0x0000000000000e01      0x7a5 CMakeFiles/Test.dir/Source/Library/RTOS/RTOS.c.obj
 .debug_info    0x00000000000015a6      0x66c CMakeFiles/Test.dir/Source/Library/RTOS/RTOS_Porting.c.obj
 .debug_info    0x0000000000001c12      0xa34 CMakeFiles/Test.dir/Source/Library/RTOS/RTOS_Scheduler.c.obj
 .debug_info    0x0000000000002646      0x96c CMakeFiles/Test.dir/Source/MCAL/EXTI/EXTI_Program.c.obj
 .debug_info    0x0000000000002fb2      0x9a4 CMakeFiles/Test.dir/Source/MCAL/GPIO/GPIO_Program.c.obj
 .debug_info    0x0000000000003956      0x6de CMakeFiles/Test.dir/Source/MCAL/RCC/RCC_Program.c.obj
 .debug_info    0x0000000000004034      0xcf6 CMakeFiles/Test.dir/Source/MCAL/SPI/SPI_Program.c.obj
 .debug_info    0x0000000000004d2a      0xd83 CMakeFiles/Test.dir/Source/MCAL/USART/USART_Program.c.obj
 .debug_info    0x0000000000005aad      0x11a /usr/lib/gcc/arm-none-eabi/10.3.1/../../../arm-none-eabi/lib/thumb/v6-m/nofp/libg_nano.a(lib_a-init.o)

.debug_abbrev   0x0000000000000000     0x1475
 .debug_abbrev  0x0000000000000000      0x134 CMakeFiles/Test.dir/Source/Application/Application.c.obj
 .debug_abbrev  0x0000000000000134       0x12 CMakeFiles/Test.dir/Source/Library/Cortex_M3/Startup.s.obj
 .debug_abbrev  0x0000000000000146      0x13e CMakeFiles/Test.dir/Source/Library/Cortex_M3/System_Init.c.obj
 .debug_abbrev  0x0000000000000284      0x148 CMakeFiles/Test.dir/Source/Library/RTOS/Queue/Queue.c.obj
 .debug_abbrev  0x00000000000003cc      0x282 CMakeFiles/Test.dir/Source/Library/RTOS/RTOS.c.obj
 .debug_abbrev  0x000000000000064e      0x195 CMakeFiles/Test.dir/Source/Library/RTOS/RTOS_Porting.c.obj
 .debug_abbrev  0x00000000000007e3      0x29d CMakeFiles/Test.dir/Source/Library/RTOS/RTOS_Scheduler.c.obj
 .debug_abbrev  0x0000000000000a80      0x199 CMakeFiles/Test.dir/Source/MCAL/EXTI/EXTI_Program.c.obj
 .debug_abbrev  0x0000000000000c19      0x1c0 CMakeFiles/Test.dir/Source/MCAL/GPIO/GPIO_Program.c.obj
 .debug_abbrev  0x0000000000000dd9      0x197 CMakeFiles/Test.dir/Source/MCAL/RCC/RCC_Program.c.obj
 .debug_abbrev  0x0000000000000f70      0x1e6 CMakeFiles/Test.dir/Source/MCAL/SPI/SPI_Program.c.obj
 .debug_abbrev  0x0000000000001156      0x253 CMakeFiles/Test.dir/Source/MCAL/USART/USART_Program.c.obj
 .debug_abbrev  0x00000000000013a9       0xcc /usr/lib/gcc/arm-none-eabi/10.3.1/../../../arm-none-eabi/lib/thumb/v6-m/nofp/libg_nano.a(lib_a-init.o)

.debug_loc      0x0000000000000000     0x2062
 .debug_loc     0x0000000000000000      0x134 CMakeFiles/Test.dir/Source/Application/Application.c.obj
 .debug_loc     0x0000000000000134       0xff CMakeFiles/Test.dir/Source/Library/Cortex_M3/System_Init.c.obj
 .debug_loc     0x0000000000000233      0x200 CMakeFiles/Test.dir/Source/Library/RTOS/Queue/Queue.c.obj
 .debug_loc     0x0000000000000433      0x173 CMakeFiles/Test.dir/Source/Library/RTOS/RTOS.c.obj
 .debug_loc     0x00000000000005a6       0x93 CMakeFiles/Test.dir/Source/Library/RTOS/RTOS_Porting.c.obj
 .debug_loc     0x0000000000000639      0x1ab CMakeFiles/Test.dir/Source/Library/RTOS/RTOS_Scheduler.c.obj
 .debug_loc     0x00000000000007e4      0x724 CMakeFiles/Test.dir/Source/MCAL/GPIO/GPIO_Program.c.obj
 .debug_loc     0x0000000000000f08      0x4e6 CMakeFiles/Test.dir/Source/MCAL/RCC/RCC_Program.c.obj
 .debug_loc     0x00000000000013ee      0x476 CMakeFiles/Test.dir/Source/MCAL/SPI/SPI_Program.c.obj
 .debug_loc     0x0000000000001864      0x766 CMakeFiles/Test.dir/Source/MCAL/USART/USART_Program.c.obj
 .debug_loc     0x0000000000001fca       0x98 /usr/lib/gcc/arm-none-eabi/10.3.1/../../../arm-none-eabi/lib/thumb/v6-m/nofp/libg_nano.a(lib_a-init.o)

.debug_aranges  0x0000000000000000      0x3e8
 .debug_aranges
                0x0000000000000000       0x38 CMakeFiles/Test.dir/Source/Application/Application.c.obj
 .debug_aranges
                0x0000000000000038       0x28 CMakeFiles/Test.dir/Source/Library/Cortex_M3/Startup.s.obj
 .debug_aranges
                0x0000000000000060       0x28 CMakeFiles/Test.dir/Source/Library/Cortex_M3/System_Init.c.obj
 .debug_aranges
                0x0000000000000088       0x48 CMakeFiles/Test.dir/Source/Library/RTOS/Queue/Queue.c.obj
 .debug_aranges
                0x00000000000000d0       0x80 CMakeFiles/Test.dir/Source/Library/RTOS/RTOS.c.obj
 .debug_aranges
                0x0000000000000150       0x60 CMakeFiles/Test.dir/Source/Library/RTOS/RTOS_Porting.c.obj
 .debug_aranges
                0x00000000000001b0       0x70 CMakeFiles/Test.dir/Source/Library/RTOS/RTOS_Scheduler.c.obj
 .debug_aranges
                0x0000000000000220       0x58 CMakeFiles/Test.dir/Source/MCAL/EXTI/EXTI_Program.c.obj
 .debug_aranges
                0x0000000000000278       0x58 CMakeFiles/Test.dir/Source/MCAL/GPIO/GPIO_Program.c.obj
 .debug_aranges
                0x00000000000002d0       0x50 CMakeFiles/Test.dir/Source/MCAL/RCC/RCC_Program.c.obj
 .debug_aranges
                0x0000000000000320       0x50 CMakeFiles/Test.dir/Source/MCAL/SPI/SPI_Program.c.obj
 .debug_aranges
                0x0000000000000370       0x58 CMakeFiles/Test.dir/Source/MCAL/USART/USART_Program.c.obj
 .debug_aranges
                0x00000000000003c8       0x20 /usr/lib/gcc/arm-none-eabi/10.3.1/../../../arm-none-eabi/lib/thumb/v6-m/nofp/libg_nano.a(lib_a-init.o)

.debug_ranges   0x0000000000000000      0x310
 .debug_ranges  0x0000000000000000       0x28 CMakeFiles/Test.dir/Source/Application/Application.c.obj
 .debug_ranges  0x0000000000000028       0x20 CMakeFiles/Test.dir/Source/Library/Cortex_M3/Startup.s.obj
 .debug_ranges  0x0000000000000048       0x18 CMakeFiles/Test.dir/Source/Library/Cortex_M3/System_Init.c.obj
 .debug_ranges  0x0000000000000060       0x38 CMakeFiles/Test.dir/Source/Library/RTOS/Queue/Queue.c.obj
 .debug_ranges  0x0000000000000098       0x70 CMakeFiles/Test.dir/Source/Library/RTOS/RTOS.c.obj
 .debug_ranges  0x0000000000000108       0x50 CMakeFiles/Test.dir/Source/Library/RTOS/RTOS_Porting.c.obj
 .debug_ranges  0x0000000000000158       0x60 CMakeFiles/Test.dir/Source/Library/RTOS/RTOS_Scheduler.c.obj
 .debug_ranges  0x00000000000001b8       0x48 CMakeFiles/Test.dir/Source/MCAL/EXTI/EXTI_Program.c.obj
 .debug_ranges  0x0000000000000200       0x48 CMakeFiles/Test.dir/Source/MCAL/GPIO/GPIO_Program.c.obj
 .debug_ranges  0x0000000000000248       0x40 CMakeFiles/Test.dir/Source/MCAL/RCC/RCC_Program.c.obj
 .debug_ranges  0x0000000000000288       0x40 CMakeFiles/Test.dir/Source/MCAL/SPI/SPI_Program.c.obj
 .debug_ranges  0x00000000000002c8       0x48 CMakeFiles/Test.dir/Source/MCAL/USART/USART_Program.c.obj

.debug_line     0x0000000000000000     0x3b27
 .debug_line    0x0000000000000000      0x302 CMakeFiles/Test.dir/Source/Application/Application.c.obj
 .debug_line    0x0000000000000302       0xc6 CMakeFiles/Test.dir/Source/Library/Cortex_M3/Startup.s.obj
 .debug_line    0x00000000000003c8      0x27b CMakeFiles/Test.dir/Source/Library/Cortex_M3/System_Init.c.obj
 .debug_line    0x0000000000000643      0x383 CMakeFiles/Test.dir/Source/Library/RTOS/Queue/Queue.c.obj
 .debug_line    0x00000000000009c6      0x5a1 CMakeFiles/Test.dir/Source/Library/RTOS/RTOS.c.obj
 .debug_line    0x0000000000000f67      0x2fb CMakeFiles/Test.dir/Source/Library/RTOS/RTOS_Porting.c.obj
 .debug_line    0x0000000000001262      0x64b CMakeFiles/Test.dir/Source/Library/RTOS/RTOS_Scheduler.c.obj
 .debug_line    0x00000000000018ad      0x6ba CMakeFiles/Test.dir/Source/MCAL/EXTI/EXTI_Program.c.obj
 .debug_line    0x0000000000001f67      0x5aa CMakeFiles/Test.dir/Source/MCAL/GPIO/GPIO_Program.c.obj
 .debug_line    0x0000000000002511      0x4d7 CMakeFiles/Test.dir/Source/MCAL/RCC/RCC_Program.c.obj
 .debug_line    0x00000000000029e8      0x725 CMakeFiles/Test.dir/Source/MCAL/SPI/SPI_Program.c.obj
 .debug_line    0x000000000000310d      0x8f3 CMakeFiles/Test.dir/Source/MCAL/USART/USART_Program.c.obj
 .debug_line    0x0000000000003a00      0x127 /usr/lib/gcc/arm-none-eabi/10.3.1/../../../arm-none-eabi/lib/thumb/v6-m/nofp/libg_nano.a(lib_a-init.o)

.debug_str      0x0000000000000000     0x202c
 .debug_str     0x0000000000000000      0x405 CMakeFiles/Test.dir/Source/Application/Application.c.obj
                                        0x45c (size before relaxing)
 .debug_str     0x0000000000000405       0x76 CMakeFiles/Test.dir/Source/Library/Cortex_M3/Startup.s.obj
                                         0xc3 (size before relaxing)
 .debug_str     0x000000000000047b      0x17c CMakeFiles/Test.dir/Source/Library/Cortex_M3/System_Init.c.obj
                                        0x35d (size before relaxing)
 .debug_str     0x00000000000005f7      0x258 CMakeFiles/Test.dir/Source/Library/RTOS/Queue/Queue.c.obj
                                        0x470 (size before relaxing)
 .debug_str     0x000000000000084f      0x33f CMakeFiles/Test.dir/Source/Library/RTOS/RTOS.c.obj
                                        0x6b6 (size before relaxing)
 .debug_str     0x0000000000000b8e      0x234 CMakeFiles/Test.dir/Source/Library/RTOS/RTOS_Porting.c.obj
                                        0x508 (size before relaxing)
 .debug_str     0x0000000000000dc2      0x178 CMakeFiles/Test.dir/Source/Library/RTOS/RTOS_Scheduler.c.obj
                                        0x7f9 (size before relaxing)
 .debug_str     0x0000000000000f3a      0x4c3 CMakeFiles/Test.dir/Source/MCAL/EXTI/EXTI_Program.c.obj
                                        0x9e8 (size before relaxing)
 .debug_str     0x00000000000013fd      0x118 CMakeFiles/Test.dir/Source/MCAL/GPIO/GPIO_Program.c.obj
                                        0x75e (size before relaxing)
 .debug_str     0x0000000000001515      0x1d3 CMakeFiles/Test.dir/Source/MCAL/RCC/RCC_Program.c.obj
                                        0x641 (size before relaxing)
 .debug_str     0x00000000000016e8      0x429 CMakeFiles/Test.dir/Source/MCAL/SPI/SPI_Program.c.obj
                                        0xc49 (size before relaxing)
 .debug_str     0x0000000000001b11      0x3ac CMakeFiles/Test.dir/Source/MCAL/USART/USART_Program.c.obj
                                        0xbf3 (size before relaxing)
 .debug_str     0x0000000000001ebd      0x16f /usr/lib/gcc/arm-none-eabi/10.3.1/../../../arm-none-eabi/lib/thumb/v6-m/nofp/libg_nano.a(lib_a-init.o)
                                        0x204 (size before relaxing)

.debug_frame    0x0000000000000000      0x84c
 .debug_frame   0x0000000000000000       0x7c CMakeFiles/Test.dir/Source/Application/Application.c.obj
 .debug_frame   0x000000000000007c       0x30 CMakeFiles/Test.dir/Source/Library/Cortex_M3/System_Init.c.obj
 .debug_frame   0x00000000000000ac       0x7c CMakeFiles/Test.dir/Source/Library/RTOS/Queue/Queue.c.obj
 .debug_frame   0x0000000000000128      0x158 CMakeFiles/Test.dir/Source/Library/RTOS/RTOS.c.obj
 .debug_frame   0x0000000000000280       0xb0 CMakeFiles/Test.dir/Source/Library/RTOS/RTOS_Porting.c.obj
 .debug_frame   0x0000000000000330      0x120 CMakeFiles/Test.dir/Source/Library/RTOS/RTOS_Scheduler.c.obj
 .debug_frame   0x0000000000000450       0xdc CMakeFiles/Test.dir/Source/MCAL/EXTI/EXTI_Program.c.obj
 .debug_frame   0x000000000000052c       0xa0 CMakeFiles/Test.dir/Source/MCAL/GPIO/GPIO_Program.c.obj
 .debug_frame   0x00000000000005cc       0xb4 CMakeFiles/Test.dir/Source/MCAL/RCC/RCC_Program.c.obj
 .debug_frame   0x0000000000000680       0xb8 CMakeFiles/Test.dir/Source/MCAL/SPI/SPI_Program.c.obj
 .debug_frame   0x0000000000000738       0xe8 CMakeFiles/Test.dir/Source/MCAL/USART/USART_Program.c.obj
 .debug_frame   0x0000000000000820       0x2c /usr/lib/gcc/arm-none-eabi/10.3.1/../../../arm-none-eabi/lib/thumb/v6-m/nofp/libg_nano.a(lib_a-init.o)
